// Jest Snapshot v1, https://goo.gl/fbAQLP

exports[`Pruebas en <FirstApp /> debe de  hacer match con el snapshot 1`] = `
<div>
  <h1
    data-testid="test-title"
  >
     
    Hola, soy oso
     
  </h1>
  <p>
    soy un subtítulo
  </p>
  <p>
    soy un subtítulo
  </p>
  <p>
    Estefania Arenas
  </p>
</div>
`;
